2025-12-01 12:57:47.570: my pid: 3346567
2025-12-01 12:57:47.570: model: model.general_recommender.SGL
2025-12-01 12:57:47.570: Dataset: all_data, users=2809, items=31062, ratings=110570
2025-12-01 12:57:47.570: NeuRec:[NeuRec]:
recommender=SGL
dataset=all_data
source_domain=amazon-cd
target_domain=amazon-kitchen
file_column=UI
sep=','
gpu_id=0
gpu_mem=0.99
metric=["Precision", "Recall", "NDCG"]
top_k=[20]
test_thread=8
test_batch_size=128
seed=2021
start_testing_epoch=0

SGL:[hyperparameters]:
aug_type=ED
reg=1e-4
embed_size=64
n_layers=3
ssl_reg=0.5
ssl_ratio=0.1
ssl_temp=0.2
ssl_mode=both_side
lr=0.001
learner=adam
adj_type=pre
epochs=1000
batch_size=2048
num_negatives=1
param_init=xavier_uniform
stddev=0.01
verbose=1
stop_cnt=10
pretrain_flag=0
save_flag=0

Command line:
recommender=SGL
dataset=all_data
aug_type=ED
reg=1e-4
n_layers=3
ssl_reg=0.5
ssl_ratio=0.1
ssl_temp=0.2
2025-12-01 12:57:47.829: [Personalized Temp] Range: [0.1000, 0.5000]
2025-12-01 12:57:48.422: metrics:	Precision@20	Recall@20   	NDCG@20     
2025-12-01 12:59:03.648: [iter 1 : loss : 5.3971 = 0.6920 + 4.7050 + 0.0000, time: 75.226504]
2025-12-01 12:59:03.648: epoch 1:	No test data
2025-12-01 13:00:18.684: [iter 2 : loss : 5.3563 = 0.6913 + 4.6650 + 0.0000, time: 74.816942]
2025-12-01 13:00:18.684: epoch 2:	No test data
2025-12-01 13:01:33.522: [iter 3 : loss : 5.3331 = 0.6908 + 4.6423 + 0.0000, time: 74.622453]
2025-12-01 13:01:33.522: epoch 3:	No test data
2025-12-01 13:02:48.643: [iter 4 : loss : 5.3267 = 0.6904 + 4.6363 + 0.0000, time: 74.913222]
2025-12-01 13:02:48.643: epoch 4:	No test data
2025-12-01 13:04:03.520: [iter 5 : loss : 5.3224 = 0.6900 + 4.6324 + 0.0000, time: 74.669143]
2025-12-01 13:04:03.520: epoch 5:	No test data
2025-12-01 13:05:18.430: [iter 6 : loss : 5.3202 = 0.6896 + 4.6307 + 0.0000, time: 74.704888]
2025-12-01 13:05:18.430: epoch 6:	No test data
2025-12-01 13:06:32.857: [iter 7 : loss : 5.3158 = 0.6891 + 4.6266 + 0.0000, time: 74.222128]
2025-12-01 13:06:32.857: epoch 7:	No test data
2025-12-01 13:07:47.038: [iter 8 : loss : 5.3146 = 0.6886 + 4.6260 + 0.0000, time: 73.970341]
2025-12-01 13:07:47.038: epoch 8:	No test data
2025-12-01 13:09:01.756: [iter 9 : loss : 5.3153 = 0.6880 + 4.6273 + 0.0000, time: 74.512724]
2025-12-01 13:09:01.757: epoch 9:	No test data
2025-12-01 13:10:16.769: [iter 10 : loss : 5.3122 = 0.6874 + 4.6248 + 0.0000, time: 74.801563]
2025-12-01 13:10:16.769: epoch 10:	No test data
2025-12-01 13:10:16.770: Early stopping is trigger at epoch: 10
2025-12-01 13:10:16.770: best_result@epoch 0:

2025-12-01 13:10:16.770: 		0.0000      	0.0000      
2025-12-01 13:10:16.797: export_final_embeddings done: /mnt/sda1/sherry/BiGNAS/xin-BiGNAS-embbase-final/SGL-Torch/dataset/all_data/pretrain-embeddings/SGL/final/
